2026-03-13T16:52:13.548-05:00  INFO 34880 --- [Lavalink] [main] lavalink.server.Launcher                 : Starting Launcher v4.2.2 using Java 25.0.2 with PID 34880 (C:\Users\TaBle\Downloads\Fluxer music bot\server\Lavalink.jar started by TaBle in C:\Users\TaBle\Downloads\Fluxer music bot\server)
2026-03-13T16:52:13.557-05:00  INFO 34880 --- [Lavalink] [main] lavalink.server.Launcher                 : No active profile set, falling back to 1 default profile: "default"
2026-03-13T16:52:14.256-05:00  INFO 34880 --- [Lavalink] [main] o.s.cloud.context.scope.GenericScope     : BeanFactory id=3d6bf653-92ea-3fde-943a-10b9f8cd696e
2026-03-13T16:52:14.693-05:00  INFO 34880 --- [Lavalink] [main] l.server.bootstrap.PluginManager         : Downloading https://maven.topi.wtf/releases/com/github/topi314/lavasrc/lavasrc-plugin/4.0.0-beta.7/lavasrc-plugin-4.0.0-beta.7.jar
2026-03-13T16:52:17.402-05:00  WARN 34880 --- [Lavalink] [main] l.server.bootstrap.PluginManager         : A newer version of 'lavasrc-plugin' was found: '4.8.1', The current version is '4.0.0-beta.7' please update the version in your configuration.
2026-03-13T16:52:17.404-05:00  INFO 34880 --- [Lavalink] [main] l.server.bootstrap.PluginManager         : Downloading https://maven.topi.wtf/releases/com/github/topi314/lavasearch/lavasearch-plugin/1.0.0-beta.2/lavasearch-plugin-1.0.0-beta.2.jar
2026-03-13T16:52:18.242-05:00  WARN 34880 --- [Lavalink] [main] l.server.bootstrap.PluginManager         : A newer version of 'lavasearch-plugin' was found: '1.0.0', The current version is '1.0.0-beta.2' please update the version in your configuration.
2026-03-13T16:52:18.242-05:00  INFO 34880 --- [Lavalink] [main] l.server.bootstrap.PluginManager         : Downloading https://maven.lavalink.dev/releases/dev/lavalink/youtube/youtube-plugin/1.5.0/youtube-plugin-1.5.0.jar
2026-03-13T16:52:20.143-05:00  WARN 34880 --- [Lavalink] [main] l.server.bootstrap.PluginManager         : A newer version of 'youtube-plugin' was found: '1.18.0', The current version is '1.5.0' please update the version in your configuration.
2026-03-13T16:52:20.251-05:00  INFO 34880 --- [Lavalink] [main] l.server.bootstrap.PluginManager         : Loaded 'lavasearch-plugin-1.0.0-beta.2.jar' (20 classes)
2026-03-13T16:52:20.352-05:00  INFO 34880 --- [Lavalink] [main] l.server.bootstrap.PluginManager         : Loaded 'lavasrc-plugin-4.0.0-beta.7.jar' (123 classes)
2026-03-13T16:52:20.363-05:00  INFO 34880 --- [Lavalink] [main] l.server.bootstrap.PluginManager         : Loaded 'youtube-plugin-1.5.0.jar' (10 classes)
2026-03-13T16:52:20.665-05:00  INFO 34880 --- [Lavalink] [main] lavalink.server.Launcher                 : Started Launcher in 7.737 seconds (process running for 8.364)
2026-03-13T16:52:20.806-05:00  INFO 34880 --- [Lavalink] [main] lavalink.server.Launcher                 : 

[32m       .  [31m _                  _ _       _    [32m__ _ _
[32m      /\\ [31m| | __ ___   ____ _| (_)_ __ | | __[32m\ \ \ \
[32m     ( ( )[31m| |/ _` \ \ / / _` | | | '_ \| |/ /[32m \ \ \ \
[32m      \\/ [31m| | (_| |\ V / (_| | | | | | |   < [32m  ) ) ) )
[32m       '  [31m|_|\__,_| \_/ \__,_|_|_|_| |_|_|\_\[32m / / / /
[0m    =========================================[32m/_/_/_/[0m

	Version:        4.2.2
	Build time:     06.03.2026 23:24:16 UTC
	Branch          HEAD
	Commit:         e8503fd
	Commit time:    06.03.2026 23:21:15 UTC
	JVM:            25.0.2
	Lavaplayer      2.2.6

2026-03-13T16:52:20.821-05:00  INFO 34880 --- [Lavalink] [main] lavalink.server.Launcher                 : No active profile set, falling back to 1 default profile: "default"
2026-03-13T16:52:21.640-05:00  WARN 34880 --- [Lavalink] [main] io.undertow.websockets.jsr               : UT026010: Buffer pool was not set on WebSocketDeploymentInfo, the default pool will be used
2026-03-13T16:52:21.667-05:00  INFO 34880 --- [Lavalink] [main] io.undertow.servlet                      : Initializing Spring embedded WebApplicationContext
2026-03-13T16:52:21.668-05:00  INFO 34880 --- [Lavalink] [main] w.s.c.ServletWebServerApplicationContext : Root WebApplicationContext: initialization completed in 839 ms
2026-03-13T16:52:21.757-05:00  INFO 34880 --- [Lavalink] [main] c.g.t.lavasrc.plugin.LavaSrcPlugin       : Loading LavaSrc plugin...
2026-03-13T16:52:21.797-05:00  WARN 34880 --- [Lavalink] [main] ConfigServletWebServerApplicationContext : Exception encountered during context initialization - cancelling refresh attempt: org.springframework.beans.factory.UnsatisfiedDependencyException: Error creating bean with name 'audioSearchRestHandler' defined in URL [jar:file:C:/Users/TaBle/Downloads/Fluxer music bot/server/plugins/lavasearch-plugin-1.0.0-beta.2.jar!/com/github/topi314/lavasearch/plugin/AudioSearchRestHandler.class]: Unsatisfied dependency expressed through constructor parameter 0: Error creating bean with name 'audioSearchManagerSupplier' defined in class path resource [com/github/topi314/lavasearch/plugin/SearchConfiguration.class]: Unsatisfied dependency expressed through method 'audioSearchManagerSupplier' parameter 0: Error creating bean with name 'lavaSrcPlugin' defined in URL [jar:file:C:/Users/TaBle/Downloads/Fluxer music bot/server/plugins/lavasrc-plugin-4.0.0-beta.7.jar!/com/github/topi314/lavasrc/plugin/LavaSrcPlugin.class]: Failed to instantiate [com.github.topi314.lavasrc.plugin.LavaSrcPlugin]: Constructor threw exception
2026-03-13T16:52:21.800-05:00 ERROR 34880 --- [Lavalink] [main] lavalink.server.Launcher                 : Application failed

org.springframework.beans.factory.UnsatisfiedDependencyException: Error creating bean with name 'audioSearchRestHandler' defined in URL [jar:file:C:/Users/TaBle/Downloads/Fluxer music bot/server/plugins/lavasearch-plugin-1.0.0-beta.2.jar!/com/github/topi314/lavasearch/plugin/AudioSearchRestHandler.class]: Unsatisfied dependency expressed through constructor parameter 0: Error creating bean with name 'audioSearchManagerSupplier' defined in class path resource [com/github/topi314/lavasearch/plugin/SearchConfiguration.class]: Unsatisfied dependency expressed through method 'audioSearchManagerSupplier' parameter 0: Error creating bean with name 'lavaSrcPlugin' defined in URL [jar:file:C:/Users/TaBle/Downloads/Fluxer music bot/server/plugins/lavasrc-plugin-4.0.0-beta.7.jar!/com/github/topi314/lavasrc/plugin/LavaSrcPlugin.class]: Failed to instantiate [com.github.topi314.lavasrc.plugin.LavaSrcPlugin]: Constructor threw exception
	at org.springframework.beans.factory.support.ConstructorResolver.createArgumentArray(ConstructorResolver.java:795) ~[spring-beans-6.1.15.jar!/:6.1.15]
	at org.springframework.beans.factory.support.ConstructorResolver.autowireConstructor(ConstructorResolver.java:237) ~[spring-beans-6.1.15.jar!/:6.1.15]
	at org.springframework.beans.factory.support.AbstractAutowireCapableBeanFactory.autowireConstructor(AbstractAutowireCapableBeanFactory.java:1375) ~[spring-beans-6.1.15.jar!/:6.1.15]
	at org.springframework.beans.factory.support.AbstractAutowireCapableBeanFactory.createBeanInstance(AbstractAutowireCapableBeanFactory.java:1212) ~[spring-beans-6.1.15.jar!/:6.1.15]
	at org.springframework.beans.factory.support.AbstractAutowireCapableBeanFactory.doCreateBean(AbstractAutowireCapableBeanFactory.java:562) ~[spring-beans-6.1.15.jar!/:6.1.15]
	at org.springframework.beans.factory.support.AbstractAutowireCapableBeanFactory.createBean(AbstractAutowireCapableBeanFactory.java:522) ~[spring-beans-6.1.15.jar!/:6.1.15]
	at org.springframework.beans.factory.support.AbstractBeanFactory.lambda$doGetBean$0(AbstractBeanFactory.java:337) ~[spring-beans-6.1.15.jar!/:6.1.15]
	at org.springframework.beans.factory.support.DefaultSingletonBeanRegistry.getSingleton(DefaultSingletonBeanRegistry.java:234) ~[spring-beans-6.1.15.jar!/:6.1.15]
	at org.springframework.beans.factory.support.AbstractBeanFactory.doGetBean(AbstractBeanFactory.java:335) ~[spring-beans-6.1.15.jar!/:6.1.15]
	at org.springframework.beans.factory.support.AbstractBeanFactory.getBean(AbstractBeanFactory.java:200) ~[spring-beans-6.1.15.jar!/:6.1.15]
	at org.springframework.beans.factory.support.DefaultListableBeanFactory.preInstantiateSingletons(DefaultListableBeanFactory.java:975) ~[spring-beans-6.1.15.jar!/:6.1.15]
	at org.springframework.context.support.AbstractApplicationContext.finishBeanFactoryInitialization(AbstractApplicationContext.java:962) ~[spring-context-6.1.9.jar!/:6.1.9]
	at org.springframework.context.support.AbstractApplicationContext.refresh(AbstractApplicationContext.java:624) ~[spring-context-6.1.9.jar!/:6.1.9]
	at org.springframework.boot.web.servlet.context.ServletWebServerApplicationContext.refresh(ServletWebServerApplicationContext.java:146) ~[spring-boot-3.3.0.jar!/:3.3.0]
	at org.springframework.boot.SpringApplication.refresh(SpringApplication.java:754) ~[spring-boot-3.3.0.jar!/:3.3.0]
	at org.springframework.boot.SpringApplication.refreshContext(SpringApplication.java:456) ~[spring-boot-3.3.0.jar!/:3.3.0]
	at org.springframework.boot.SpringApplication.run(SpringApplication.java:335) ~[spring-boot-3.3.0.jar!/:3.3.0]
	at org.springframework.boot.builder.SpringApplicationBuilder.run(SpringApplicationBuilder.java:149) ~[spring-boot-3.3.0.jar!/:3.3.0]
	at lavalink.server.Launcher.launchMain(Launcher.kt:164) ~[classes!/:4.2.2]
	at lavalink.server.Launcher.main(Launcher.kt:126) ~[classes!/:4.2.2]
	at java.base/jdk.internal.reflect.DirectMethodHandleAccessor.invoke(DirectMethodHandleAccessor.java:104) ~[na:na]
	at java.base/java.lang.reflect.Method.invoke(Method.java:565) ~[na:na]
	at org.springframework.boot.loader.MainMethodRunner.run(MainMethodRunner.java:49) ~[Lavalink.jar:4.2.2]
	at org.springframework.boot.loader.Launcher.launch(Launcher.java:95) ~[Lavalink.jar:4.2.2]
	at org.springframework.boot.loader.Launcher.launch(Launcher.java:58) ~[Lavalink.jar:4.2.2]
	at org.springframework.boot.loader.JarLauncher.main(JarLauncher.java:65) ~[Lavalink.jar:4.2.2]
Caused by: org.springframework.beans.factory.UnsatisfiedDependencyException: Error creating bean with name 'audioSearchManagerSupplier' defined in class path resource [com/github/topi314/lavasearch/plugin/SearchConfiguration.class]: Unsatisfied dependency expressed through method 'audioSearchManagerSupplier' parameter 0: Error creating bean with name 'lavaSrcPlugin' defined in URL [jar:file:C:/Users/TaBle/Downloads/Fluxer music bot/server/plugins/lavasrc-plugin-4.0.0-beta.7.jar!/com/github/topi314/lavasrc/plugin/LavaSrcPlugin.class]: Failed to instantiate [com.github.topi314.lavasrc.plugin.LavaSrcPlugin]: Constructor threw exception
	at org.springframework.beans.factory.support.ConstructorResolver.createArgumentArray(ConstructorResolver.java:795) ~[spring-beans-6.1.15.jar!/:6.1.15]
	at org.springframework.beans.factory.support.ConstructorResolver.instantiateUsingFactoryMethod(ConstructorResolver.java:542) ~[spring-beans-6.1.15.jar!/:6.1.15]
	at org.springframework.beans.factory.support.AbstractAutowireCapableBeanFactory.instantiateUsingFactoryMethod(AbstractAutowireCapableBeanFactory.java:1355) ~[spring-beans-6.1.15.jar!/:6.1.15]
	at org.springframework.beans.factory.support.AbstractAutowireCapableBeanFactory.createBeanInstance(AbstractAutowireCapableBeanFactory.java:1185) ~[spring-beans-6.1.15.jar!/:6.1.15]
	at org.springframework.beans.factory.support.AbstractAutowireCapableBeanFactory.doCreateBean(AbstractAutowireCapableBeanFactory.java:562) ~[spring-beans-6.1.15.jar!/:6.1.15]
	at org.springframework.beans.factory.support.AbstractAutowireCapableBeanFactory.createBean(AbstractAutowireCapableBeanFactory.java:522) ~[spring-beans-6.1.15.jar!/:6.1.15]
	at org.springframework.beans.factory.support.AbstractBeanFactory.lambda$doGetBean$0(AbstractBeanFactory.java:337) ~[spring-beans-6.1.15.jar!/:6.1.15]
	at org.springframework.beans.factory.support.DefaultSingletonBeanRegistry.getSingleton(DefaultSingletonBeanRegistry.java:234) ~[spring-beans-6.1.15.jar!/:6.1.15]
	at org.springframework.beans.factory.support.AbstractBeanFactory.doGetBean(AbstractBeanFactory.java:335) ~[spring-beans-6.1.15.jar!/:6.1.15]
	at org.springframework.beans.factory.support.AbstractBeanFactory.getBean(AbstractBeanFactory.java:200) ~[spring-beans-6.1.15.jar!/:6.1.15]
	at org.springframework.beans.factory.config.DependencyDescriptor.resolveCandidate(DependencyDescriptor.java:254) ~[spring-beans-6.1.15.jar!/:6.1.15]
	at org.springframework.beans.factory.support.DefaultListableBeanFactory.doResolveDependency(DefaultListableBeanFactory.java:1443) ~[spring-beans-6.1.15.jar!/:6.1.15]
	at org.springframework.beans.factory.support.DefaultListableBeanFactory.resolveDependency(DefaultListableBeanFactory.java:1353) ~[spring-beans-6.1.15.jar!/:6.1.15]
	at org.springframework.beans.factory.support.ConstructorResolver.resolveAutowiredArgument(ConstructorResolver.java:904) ~[spring-beans-6.1.15.jar!/:6.1.15]
	at org.springframework.beans.factory.support.ConstructorResolver.createArgumentArray(ConstructorResolver.java:782) ~[spring-beans-6.1.15.jar!/:6.1.15]
	... 25 common frames omitted
Caused by: org.springframework.beans.factory.BeanCreationException: Error creating bean with name 'lavaSrcPlugin' defined in URL [jar:file:C:/Users/TaBle/Downloads/Fluxer music bot/server/plugins/lavasrc-plugin-4.0.0-beta.7.jar!/com/github/topi314/lavasrc/plugin/LavaSrcPlugin.class]: Failed to instantiate [com.github.topi314.lavasrc.plugin.LavaSrcPlugin]: Constructor threw exception
	at org.springframework.beans.factory.support.ConstructorResolver.instantiate(ConstructorResolver.java:318) ~[spring-beans-6.1.15.jar!/:6.1.15]
	at org.springframework.beans.factory.support.ConstructorResolver.autowireConstructor(ConstructorResolver.java:306) ~[spring-beans-6.1.15.jar!/:6.1.15]
	at org.springframework.beans.factory.support.AbstractAutowireCapableBeanFactory.autowireConstructor(AbstractAutowireCapableBeanFactory.java:1375) ~[spring-beans-6.1.15.jar!/:6.1.15]
	at org.springframework.beans.factory.support.AbstractAutowireCapableBeanFactory.createBeanInstance(AbstractAutowireCapableBeanFactory.java:1212) ~[spring-beans-6.1.15.jar!/:6.1.15]
	at org.springframework.beans.factory.support.AbstractAutowireCapableBeanFactory.doCreateBean(AbstractAutowireCapableBeanFactory.java:562) ~[spring-beans-6.1.15.jar!/:6.1.15]
	at org.springframework.beans.factory.support.AbstractAutowireCapableBeanFactory.createBean(AbstractAutowireCapableBeanFactory.java:522) ~[spring-beans-6.1.15.jar!/:6.1.15]
	at org.springframework.beans.factory.support.AbstractBeanFactory.lambda$doGetBean$0(AbstractBeanFactory.java:337) ~[spring-beans-6.1.15.jar!/:6.1.15]
	at org.springframework.beans.factory.support.DefaultSingletonBeanRegistry.getSingleton(DefaultSingletonBeanRegistry.java:234) ~[spring-beans-6.1.15.jar!/:6.1.15]
	at org.springframework.beans.factory.support.AbstractBeanFactory.doGetBean(AbstractBeanFactory.java:335) ~[spring-beans-6.1.15.jar!/:6.1.15]
	at org.springframework.beans.factory.support.AbstractBeanFactory.getBean(AbstractBeanFactory.java:200) ~[spring-beans-6.1.15.jar!/:6.1.15]
	at org.springframework.beans.factory.config.DependencyDescriptor.resolveCandidate(DependencyDescriptor.java:254) ~[spring-beans-6.1.15.jar!/:6.1.15]
	at org.springframework.beans.factory.support.DefaultListableBeanFactory.addCandidateEntry(DefaultListableBeanFactory.java:1689) ~[spring-beans-6.1.15.jar!/:6.1.15]
	at org.springframework.beans.factory.support.DefaultListableBeanFactory.findAutowireCandidates(DefaultListableBeanFactory.java:1653) ~[spring-beans-6.1.15.jar!/:6.1.15]
	at org.springframework.beans.factory.support.DefaultListableBeanFactory.resolveMultipleBeanCollection(DefaultListableBeanFactory.java:1543) ~[spring-beans-6.1.15.jar!/:6.1.15]
	at org.springframework.beans.factory.support.DefaultListableBeanFactory.resolveMultipleBeans(DefaultListableBeanFactory.java:1511) ~[spring-beans-6.1.15.jar!/:6.1.15]
	at org.springframework.beans.factory.support.DefaultListableBeanFactory.doResolveDependency(DefaultListableBeanFactory.java:1392) ~[spring-beans-6.1.15.jar!/:6.1.15]
	at org.springframework.beans.factory.support.DefaultListableBeanFactory.resolveDependency(DefaultListableBeanFactory.java:1353) ~[spring-beans-6.1.15.jar!/:6.1.15]
	at org.springframework.beans.factory.support.ConstructorResolver.resolveAutowiredArgument(ConstructorResolver.java:904) ~[spring-beans-6.1.15.jar!/:6.1.15]
	at org.springframework.beans.factory.support.ConstructorResolver.createArgumentArray(ConstructorResolver.java:782) ~[spring-beans-6.1.15.jar!/:6.1.15]
	... 39 common frames omitted
Caused by: org.springframework.beans.BeanInstantiationException: Failed to instantiate [com.github.topi314.lavasrc.plugin.LavaSrcPlugin]: Constructor threw exception
	at org.springframework.beans.BeanUtils.instantiateClass(BeanUtils.java:221) ~[spring-beans-6.1.15.jar!/:6.1.15]
	at org.springframework.beans.factory.support.SimpleInstantiationStrategy.instantiate(SimpleInstantiationStrategy.java:117) ~[spring-beans-6.1.15.jar!/:6.1.15]
	at org.springframework.beans.factory.support.ConstructorResolver.instantiate(ConstructorResolver.java:315) ~[spring-beans-6.1.15.jar!/:6.1.15]
	... 57 common frames omitted
Caused by: java.lang.RuntimeException: Apple Music API token is empty or null
	at com.github.topi314.lavasrc.applemusic.AppleMusicSourceManager.<init>(AppleMusicSourceManager.java:75) ~[na:na]
	at com.github.topi314.lavasrc.applemusic.AppleMusicSourceManager.<init>(AppleMusicSourceManager.java:65) ~[na:na]
	at com.github.topi314.lavasrc.plugin.LavaSrcPlugin.<init>(LavaSrcPlugin.java:46) ~[na:na]
	at java.base/jdk.internal.reflect.DirectConstructorHandleAccessor.newInstance(DirectConstructorHandleAccessor.java:62) ~[na:na]
	at java.base/java.lang.reflect.Constructor.newInstanceWithCaller(Constructor.java:499) ~[na:na]
	at java.base/java.lang.reflect.Constructor.newInstance(Constructor.java:483) ~[na:na]
	at org.springframework.beans.BeanUtils.instantiateClass(BeanUtils.java:208) ~[spring-beans-6.1.15.jar!/:6.1.15]
	... 59 common frames omitted

2026-03-13T16:52:21.811-05:00  INFO 34880 --- [Lavalink] [main] .s.b.a.l.ConditionEvaluationReportLogger : 

Error starting ApplicationContext. To display the condition evaluation report re-run your application with 'debug' enabled.
2026-03-13T16:52:21.836-05:00 ERROR 34880 --- [Lavalink] [main] o.s.boot.SpringApplication               : Application run failed

org.springframework.beans.factory.UnsatisfiedDependencyException: Error creating bean with name 'audioSearchRestHandler' defined in URL [jar:file:C:/Users/TaBle/Downloads/Fluxer music bot/server/plugins/lavasearch-plugin-1.0.0-beta.2.jar!/com/github/topi314/lavasearch/plugin/AudioSearchRestHandler.class]: Unsatisfied dependency expressed through constructor parameter 0: Error creating bean with name 'audioSearchManagerSupplier' defined in class path resource [com/github/topi314/lavasearch/plugin/SearchConfiguration.class]: Unsatisfied dependency expressed through method 'audioSearchManagerSupplier' parameter 0: Error creating bean with name 'lavaSrcPlugin' defined in URL [jar:file:C:/Users/TaBle/Downloads/Fluxer music bot/server/plugins/lavasrc-plugin-4.0.0-beta.7.jar!/com/github/topi314/lavasrc/plugin/LavaSrcPlugin.class]: Failed to instantiate [com.github.topi314.lavasrc.plugin.LavaSrcPlugin]: Constructor threw exception
	at org.springframework.beans.factory.support.ConstructorResolver.createArgumentArray(ConstructorResolver.java:795) ~[spring-beans-6.1.15.jar!/:6.1.15]
	at org.springframework.beans.factory.support.ConstructorResolver.autowireConstructor(ConstructorResolver.java:237) ~[spring-beans-6.1.15.jar!/:6.1.15]
	at org.springframework.beans.factory.support.AbstractAutowireCapableBeanFactory.autowireConstructor(AbstractAutowireCapableBeanFactory.java:1375) ~[spring-beans-6.1.15.jar!/:6.1.15]
	at org.springframework.beans.factory.support.AbstractAutowireCapableBeanFactory.createBeanInstance(AbstractAutowireCapableBeanFactory.java:1212) ~[spring-beans-6.1.15.jar!/:6.1.15]
	at org.springframework.beans.factory.support.AbstractAutowireCapableBeanFactory.doCreateBean(AbstractAutowireCapableBeanFactory.java:562) ~[spring-beans-6.1.15.jar!/:6.1.15]
	at org.springframework.beans.factory.support.AbstractAutowireCapableBeanFactory.createBean(AbstractAutowireCapableBeanFactory.java:522) ~[spring-beans-6.1.15.jar!/:6.1.15]
	at org.springframework.beans.factory.support.AbstractBeanFactory.lambda$doGetBean$0(AbstractBeanFactory.java:337) ~[spring-beans-6.1.15.jar!/:6.1.15]
	at org.springframework.beans.factory.support.DefaultSingletonBeanRegistry.getSingleton(DefaultSingletonBeanRegistry.java:234) ~[spring-beans-6.1.15.jar!/:6.1.15]
	at org.springframework.beans.factory.support.AbstractBeanFactory.doGetBean(AbstractBeanFactory.java:335) ~[spring-beans-6.1.15.jar!/:6.1.15]
	at org.springframework.beans.factory.support.AbstractBeanFactory.getBean(AbstractBeanFactory.java:200) ~[spring-beans-6.1.15.jar!/:6.1.15]
	at org.springframework.beans.factory.support.DefaultListableBeanFactory.preInstantiateSingletons(DefaultListableBeanFactory.java:975) ~[spring-beans-6.1.15.jar!/:6.1.15]
	at org.springframework.context.support.AbstractApplicationContext.finishBeanFactoryInitialization(AbstractApplicationContext.java:962) ~[spring-context-6.1.9.jar!/:6.1.9]
	at org.springframework.context.support.AbstractApplicationContext.refresh(AbstractApplicationContext.java:624) ~[spring-context-6.1.9.jar!/:6.1.9]
	at org.springframework.boot.web.servlet.context.ServletWebServerApplicationContext.refresh(ServletWebServerApplicationContext.java:146) ~[spring-boot-3.3.0.jar!/:3.3.0]
	at org.springframework.boot.SpringApplication.refresh(SpringApplication.java:754) ~[spring-boot-3.3.0.jar!/:3.3.0]
	at org.springframework.boot.SpringApplication.refreshContext(SpringApplication.java:456) ~[spring-boot-3.3.0.jar!/:3.3.0]
	at org.springframework.boot.SpringApplication.run(SpringApplication.java:335) ~[spring-boot-3.3.0.jar!/:3.3.0]
	at org.springframework.boot.builder.SpringApplicationBuilder.run(SpringApplicationBuilder.java:149) ~[spring-boot-3.3.0.jar!/:3.3.0]
	at lavalink.server.Launcher.launchMain(Launcher.kt:164) ~[classes!/:4.2.2]
	at lavalink.server.Launcher.main(Launcher.kt:126) ~[classes!/:4.2.2]
	at java.base/jdk.internal.reflect.DirectMethodHandleAccessor.invoke(DirectMethodHandleAccessor.java:104) ~[na:na]
	at java.base/java.lang.reflect.Method.invoke(Method.java:565) ~[na:na]
	at org.springframework.boot.loader.MainMethodRunner.run(MainMethodRunner.java:49) ~[Lavalink.jar:4.2.2]
	at org.springframework.boot.loader.Launcher.launch(Launcher.java:95) ~[Lavalink.jar:4.2.2]
	at org.springframework.boot.loader.Launcher.launch(Launcher.java:58) ~[Lavalink.jar:4.2.2]
	at org.springframework.boot.loader.JarLauncher.main(JarLauncher.java:65) ~[Lavalink.jar:4.2.2]
Caused by: org.springframework.beans.factory.UnsatisfiedDependencyException: Error creating bean with name 'audioSearchManagerSupplier' defined in class path resource [com/github/topi314/lavasearch/plugin/SearchConfiguration.class]: Unsatisfied dependency expressed through method 'audioSearchManagerSupplier' parameter 0: Error creating bean with name 'lavaSrcPlugin' defined in URL [jar:file:C:/Users/TaBle/Downloads/Fluxer music bot/server/plugins/lavasrc-plugin-4.0.0-beta.7.jar!/com/github/topi314/lavasrc/plugin/LavaSrcPlugin.class]: Failed to instantiate [com.github.topi314.lavasrc.plugin.LavaSrcPlugin]: Constructor threw exception
	at org.springframework.beans.factory.support.ConstructorResolver.createArgumentArray(ConstructorResolver.java:795) ~[spring-beans-6.1.15.jar!/:6.1.15]
	at org.springframework.beans.factory.support.ConstructorResolver.instantiateUsingFactoryMethod(ConstructorResolver.java:542) ~[spring-beans-6.1.15.jar!/:6.1.15]
	at org.springframework.beans.factory.support.AbstractAutowireCapableBeanFactory.instantiateUsingFactoryMethod(AbstractAutowireCapableBeanFactory.java:1355) ~[spring-beans-6.1.15.jar!/:6.1.15]
	at org.springframework.beans.factory.support.AbstractAutowireCapableBeanFactory.createBeanInstance(AbstractAutowireCapableBeanFactory.java:1185) ~[spring-beans-6.1.15.jar!/:6.1.15]
	at org.springframework.beans.factory.support.AbstractAutowireCapableBeanFactory.doCreateBean(AbstractAutowireCapableBeanFactory.java:562) ~[spring-beans-6.1.15.jar!/:6.1.15]
	at org.springframework.beans.factory.support.AbstractAutowireCapableBeanFactory.createBean(AbstractAutowireCapableBeanFactory.java:522) ~[spring-beans-6.1.15.jar!/:6.1.15]
	at org.springframework.beans.factory.support.AbstractBeanFactory.lambda$doGetBean$0(AbstractBeanFactory.java:337) ~[spring-beans-6.1.15.jar!/:6.1.15]
	at org.springframework.beans.factory.support.DefaultSingletonBeanRegistry.getSingleton(DefaultSingletonBeanRegistry.java:234) ~[spring-beans-6.1.15.jar!/:6.1.15]
	at org.springframework.beans.factory.support.AbstractBeanFactory.doGetBean(AbstractBeanFactory.java:335) ~[spring-beans-6.1.15.jar!/:6.1.15]
	at org.springframework.beans.factory.support.AbstractBeanFactory.getBean(AbstractBeanFactory.java:200) ~[spring-beans-6.1.15.jar!/:6.1.15]
	at org.springframework.beans.factory.config.DependencyDescriptor.resolveCandidate(DependencyDescriptor.java:254) ~[spring-beans-6.1.15.jar!/:6.1.15]
	at org.springframework.beans.factory.support.DefaultListableBeanFactory.doResolveDependency(DefaultListableBeanFactory.java:1443) ~[spring-beans-6.1.15.jar!/:6.1.15]
	at org.springframework.beans.factory.support.DefaultListableBeanFactory.resolveDependency(DefaultListableBeanFactory.java:1353) ~[spring-beans-6.1.15.jar!/:6.1.15]
	at org.springframework.beans.factory.support.ConstructorResolver.resolveAutowiredArgument(ConstructorResolver.java:904) ~[spring-beans-6.1.15.jar!/:6.1.15]
	at org.springframework.beans.factory.support.ConstructorResolver.createArgumentArray(ConstructorResolver.java:782) ~[spring-beans-6.1.15.jar!/:6.1.15]
	... 25 common frames omitted
Caused by: org.springframework.beans.factory.BeanCreationException: Error creating bean with name 'lavaSrcPlugin' defined in URL [jar:file:C:/Users/TaBle/Downloads/Fluxer music bot/server/plugins/lavasrc-plugin-4.0.0-beta.7.jar!/com/github/topi314/lavasrc/plugin/LavaSrcPlugin.class]: Failed to instantiate [com.github.topi314.lavasrc.plugin.LavaSrcPlugin]: Constructor threw exception
	at org.springframework.beans.factory.support.ConstructorResolver.instantiate(ConstructorResolver.java:318) ~[spring-beans-6.1.15.jar!/:6.1.15]
	at org.springframework.beans.factory.support.ConstructorResolver.autowireConstructor(ConstructorResolver.java:306) ~[spring-beans-6.1.15.jar!/:6.1.15]
	at org.springframework.beans.factory.support.AbstractAutowireCapableBeanFactory.autowireConstructor(AbstractAutowireCapableBeanFactory.java:1375) ~[spring-beans-6.1.15.jar!/:6.1.15]
	at org.springframework.beans.factory.support.AbstractAutowireCapableBeanFactory.createBeanInstance(AbstractAutowireCapableBeanFactory.java:1212) ~[spring-beans-6.1.15.jar!/:6.1.15]
	at org.springframework.beans.factory.support.AbstractAutowireCapableBeanFactory.doCreateBean(AbstractAutowireCapableBeanFactory.java:562) ~[spring-beans-6.1.15.jar!/:6.1.15]
	at org.springframework.beans.factory.support.AbstractAutowireCapableBeanFactory.createBean(AbstractAutowireCapableBeanFactory.java:522) ~[spring-beans-6.1.15.jar!/:6.1.15]
	at org.springframework.beans.factory.support.AbstractBeanFactory.lambda$doGetBean$0(AbstractBeanFactory.java:337) ~[spring-beans-6.1.15.jar!/:6.1.15]
	at org.springframework.beans.factory.support.DefaultSingletonBeanRegistry.getSingleton(DefaultSingletonBeanRegistry.java:234) ~[spring-beans-6.1.15.jar!/:6.1.15]
	at org.springframework.beans.factory.support.AbstractBeanFactory.doGetBean(AbstractBeanFactory.java:335) ~[spring-beans-6.1.15.jar!/:6.1.15]
	at org.springframework.beans.factory.support.AbstractBeanFactory.getBean(AbstractBeanFactory.java:200) ~[spring-beans-6.1.15.jar!/:6.1.15]
	at org.springframework.beans.factory.config.DependencyDescriptor.resolveCandidate(DependencyDescriptor.java:254) ~[spring-beans-6.1.15.jar!/:6.1.15]
	at org.springframework.beans.factory.support.DefaultListableBeanFactory.addCandidateEntry(DefaultListableBeanFactory.java:1689) ~[spring-beans-6.1.15.jar!/:6.1.15]
	at org.springframework.beans.factory.support.DefaultListableBeanFactory.findAutowireCandidates(DefaultListableBeanFactory.java:1653) ~[spring-beans-6.1.15.jar!/:6.1.15]
	at org.springframework.beans.factory.support.DefaultListableBeanFactory.resolveMultipleBeanCollection(DefaultListableBeanFactory.java:1543) ~[spring-beans-6.1.15.jar!/:6.1.15]
	at org.springframework.beans.factory.support.DefaultListableBeanFactory.resolveMultipleBeans(DefaultListableBeanFactory.java:1511) ~[spring-beans-6.1.15.jar!/:6.1.15]
	at org.springframework.beans.factory.support.DefaultListableBeanFactory.doResolveDependency(DefaultListableBeanFactory.java:1392) ~[spring-beans-6.1.15.jar!/:6.1.15]
	at org.springframework.beans.factory.support.DefaultListableBeanFactory.resolveDependency(DefaultListableBeanFactory.java:1353) ~[spring-beans-6.1.15.jar!/:6.1.15]
	at org.springframework.beans.factory.support.ConstructorResolver.resolveAutowiredArgument(ConstructorResolver.java:904) ~[spring-beans-6.1.15.jar!/:6.1.15]
	at org.springframework.beans.factory.support.ConstructorResolver.createArgumentArray(ConstructorResolver.java:782) ~[spring-beans-6.1.15.jar!/:6.1.15]
	... 39 common frames omitted
Caused by: org.springframework.beans.BeanInstantiationException: Failed to instantiate [com.github.topi314.lavasrc.plugin.LavaSrcPlugin]: Constructor threw exception
	at org.springframework.beans.BeanUtils.instantiateClass(BeanUtils.java:221) ~[spring-beans-6.1.15.jar!/:6.1.15]
	at org.springframework.beans.factory.support.SimpleInstantiationStrategy.instantiate(SimpleInstantiationStrategy.java:117) ~[spring-beans-6.1.15.jar!/:6.1.15]
	at org.springframework.beans.factory.support.ConstructorResolver.instantiate(ConstructorResolver.java:315) ~[spring-beans-6.1.15.jar!/:6.1.15]
	... 57 common frames omitted
Caused by: java.lang.RuntimeException: Apple Music API token is empty or null
	at com.github.topi314.lavasrc.applemusic.AppleMusicSourceManager.<init>(AppleMusicSourceManager.java:75) ~[na:na]
	at com.github.topi314.lavasrc.applemusic.AppleMusicSourceManager.<init>(AppleMusicSourceManager.java:65) ~[na:na]
	at com.github.topi314.lavasrc.plugin.LavaSrcPlugin.<init>(LavaSrcPlugin.java:46) ~[na:na]
	at java.base/jdk.internal.reflect.DirectConstructorHandleAccessor.newInstance(DirectConstructorHandleAccessor.java:62) ~[na:na]
	at java.base/java.lang.reflect.Constructor.newInstanceWithCaller(Constructor.java:499) ~[na:na]
	at java.base/java.lang.reflect.Constructor.newInstance(Constructor.java:483) ~[na:na]
	at org.springframework.beans.BeanUtils.instantiateClass(BeanUtils.java:208) ~[spring-beans-6.1.15.jar!/:6.1.15]
	... 59 common frames omitted

2026-03-13T16:54:20.859-05:00  INFO 5284 --- [Lavalink] [main] lavalink.server.Launcher                 : Starting Launcher v4.2.2 using Java 25.0.2 with PID 5284 (C:\Users\TaBle\Downloads\Fluxer music bot\server\Lavalink.jar started by TaBle in C:\Users\TaBle\Downloads\Fluxer music bot\server)
2026-03-13T16:54:20.865-05:00  INFO 5284 --- [Lavalink] [main] lavalink.server.Launcher                 : No active profile set, falling back to 1 default profile: "default"
2026-03-13T16:54:21.462-05:00  INFO 5284 --- [Lavalink] [main] o.s.cloud.context.scope.GenericScope     : BeanFactory id=3d6bf653-92ea-3fde-943a-10b9f8cd696e
2026-03-13T16:54:21.871-05:00  INFO 5284 --- [Lavalink] [main] l.server.bootstrap.PluginManager         : Found plugin 'lavasearch-plugin' version '1.0.0-beta.2'
2026-03-13T16:54:21.871-05:00  INFO 5284 --- [Lavalink] [main] l.server.bootstrap.PluginManager         : Found plugin 'lavasrc-plugin' version '4.0.0-beta.7'
2026-03-13T16:54:21.871-05:00  INFO 5284 --- [Lavalink] [main] l.server.bootstrap.PluginManager         : Found plugin 'youtube-plugin' version '1.5.0'
2026-03-13T16:54:23.055-05:00  WARN 5284 --- [Lavalink] [main] l.server.bootstrap.PluginManager         : A newer version of 'lavasrc-plugin' was found: '4.8.1', The current version is '4.0.0-beta.7' please update the version in your configuration.
2026-03-13T16:54:23.217-05:00  WARN 5284 --- [Lavalink] [main] l.server.bootstrap.PluginManager         : A newer version of 'lavasearch-plugin' was found: '1.0.0', The current version is '1.0.0-beta.2' please update the version in your configuration.
2026-03-13T16:54:23.987-05:00  WARN 5284 --- [Lavalink] [main] l.server.bootstrap.PluginManager         : A newer version of 'youtube-plugin' was found: '1.18.0', The current version is '1.5.0' please update the version in your configuration.
2026-03-13T16:54:24.011-05:00  INFO 5284 --- [Lavalink] [main] l.server.bootstrap.PluginManager         : Loaded 'lavasearch-plugin-1.0.0-beta.2.jar' (20 classes)
2026-03-13T16:54:24.096-05:00  INFO 5284 --- [Lavalink] [main] l.server.bootstrap.PluginManager         : Loaded 'lavasrc-plugin-4.0.0-beta.7.jar' (123 classes)
2026-03-13T16:54:24.103-05:00  INFO 5284 --- [Lavalink] [main] l.server.bootstrap.PluginManager         : Loaded 'youtube-plugin-1.5.0.jar' (10 classes)
2026-03-13T16:54:24.344-05:00  INFO 5284 --- [Lavalink] [main] lavalink.server.Launcher                 : Started Launcher in 4.085 seconds (process running for 4.647)
2026-03-13T16:54:24.469-05:00  INFO 5284 --- [Lavalink] [main] lavalink.server.Launcher                 : 

[32m       .  [31m _                  _ _       _    [32m__ _ _
[32m      /\\ [31m| | __ ___   ____ _| (_)_ __ | | __[32m\ \ \ \
[32m     ( ( )[31m| |/ _` \ \ / / _` | | | '_ \| |/ /[32m \ \ \ \
[32m      \\/ [31m| | (_| |\ V / (_| | | | | | |   < [32m  ) ) ) )
[32m       '  [31m|_|\__,_| \_/ \__,_|_|_|_| |_|_|\_\[32m / / / /
[0m    =========================================[32m/_/_/_/[0m

	Version:        4.2.2
	Build time:     06.03.2026 23:24:16 UTC
	Branch          HEAD
	Commit:         e8503fd
	Commit time:    06.03.2026 23:21:15 UTC
	JVM:            25.0.2
	Lavaplayer      2.2.6

2026-03-13T16:54:24.483-05:00  INFO 5284 --- [Lavalink] [main] lavalink.server.Launcher                 : No active profile set, falling back to 1 default profile: "default"
2026-03-13T16:54:25.171-05:00  WARN 5284 --- [Lavalink] [main] io.undertow.websockets.jsr               : UT026010: Buffer pool was not set on WebSocketDeploymentInfo, the default pool will be used
2026-03-13T16:54:25.195-05:00  INFO 5284 --- [Lavalink] [main] io.undertow.servlet                      : Initializing Spring embedded WebApplicationContext
2026-03-13T16:54:25.196-05:00  INFO 5284 --- [Lavalink] [main] w.s.c.ServletWebServerApplicationContext : Root WebApplicationContext: initialization completed in 706 ms
2026-03-13T16:54:25.269-05:00  INFO 5284 --- [Lavalink] [main] c.g.t.lavasrc.plugin.LavaSrcPlugin       : Loading LavaSrc plugin...
2026-03-13T16:54:25.305-05:00  WARN 5284 --- [Lavalink] [main] ConfigServletWebServerApplicationContext : Exception encountered during context initialization - cancelling refresh attempt: org.springframework.beans.factory.UnsatisfiedDependencyException: Error creating bean with name 'audioSearchRestHandler' defined in URL [jar:file:C:/Users/TaBle/Downloads/Fluxer music bot/server/plugins/lavasearch-plugin-1.0.0-beta.2.jar!/com/github/topi314/lavasearch/plugin/AudioSearchRestHandler.class]: Unsatisfied dependency expressed through constructor parameter 0: Error creating bean with name 'audioSearchManagerSupplier' defined in class path resource [com/github/topi314/lavasearch/plugin/SearchConfiguration.class]: Unsatisfied dependency expressed through method 'audioSearchManagerSupplier' parameter 0: Error creating bean with name 'lavaSrcPlugin' defined in URL [jar:file:C:/Users/TaBle/Downloads/Fluxer music bot/server/plugins/lavasrc-plugin-4.0.0-beta.7.jar!/com/github/topi314/lavasrc/plugin/LavaSrcPlugin.class]: Failed to instantiate [com.github.topi314.lavasrc.plugin.LavaSrcPlugin]: Constructor threw exception
2026-03-13T16:54:25.308-05:00 ERROR 5284 --- [Lavalink] [main] lavalink.server.Launcher                 : Application failed

org.springframework.beans.factory.UnsatisfiedDependencyException: Error creating bean with name 'audioSearchRestHandler' defined in URL [jar:file:C:/Users/TaBle/Downloads/Fluxer music bot/server/plugins/lavasearch-plugin-1.0.0-beta.2.jar!/com/github/topi314/lavasearch/plugin/AudioSearchRestHandler.class]: Unsatisfied dependency expressed through constructor parameter 0: Error creating bean with name 'audioSearchManagerSupplier' defined in class path resource [com/github/topi314/lavasearch/plugin/SearchConfiguration.class]: Unsatisfied dependency expressed through method 'audioSearchManagerSupplier' parameter 0: Error creating bean with name 'lavaSrcPlugin' defined in URL [jar:file:C:/Users/TaBle/Downloads/Fluxer music bot/server/plugins/lavasrc-plugin-4.0.0-beta.7.jar!/com/github/topi314/lavasrc/plugin/LavaSrcPlugin.class]: Failed to instantiate [com.github.topi314.lavasrc.plugin.LavaSrcPlugin]: Constructor threw exception
	at org.springframework.beans.factory.support.ConstructorResolver.createArgumentArray(ConstructorResolver.java:795) ~[spring-beans-6.1.15.jar!/:6.1.15]
	at org.springframework.beans.factory.support.ConstructorResolver.autowireConstructor(ConstructorResolver.java:237) ~[spring-beans-6.1.15.jar!/:6.1.15]
	at org.springframework.beans.factory.support.AbstractAutowireCapableBeanFactory.autowireConstructor(AbstractAutowireCapableBeanFactory.java:1375) ~[spring-beans-6.1.15.jar!/:6.1.15]
	at org.springframework.beans.factory.support.AbstractAutowireCapableBeanFactory.createBeanInstance(AbstractAutowireCapableBeanFactory.java:1212) ~[spring-beans-6.1.15.jar!/:6.1.15]
	at org.springframework.beans.factory.support.AbstractAutowireCapableBeanFactory.doCreateBean(AbstractAutowireCapableBeanFactory.java:562) ~[spring-beans-6.1.15.jar!/:6.1.15]
	at org.springframework.beans.factory.support.AbstractAutowireCapableBeanFactory.createBean(AbstractAutowireCapableBeanFactory.java:522) ~[spring-beans-6.1.15.jar!/:6.1.15]
	at org.springframework.beans.factory.support.AbstractBeanFactory.lambda$doGetBean$0(AbstractBeanFactory.java:337) ~[spring-beans-6.1.15.jar!/:6.1.15]
	at org.springframework.beans.factory.support.DefaultSingletonBeanRegistry.getSingleton(DefaultSingletonBeanRegistry.java:234) ~[spring-beans-6.1.15.jar!/:6.1.15]
	at org.springframework.beans.factory.support.AbstractBeanFactory.doGetBean(AbstractBeanFactory.java:335) ~[spring-beans-6.1.15.jar!/:6.1.15]
	at org.springframework.beans.factory.support.AbstractBeanFactory.getBean(AbstractBeanFactory.java:200) ~[spring-beans-6.1.15.jar!/:6.1.15]
	at org.springframework.beans.factory.support.DefaultListableBeanFactory.preInstantiateSingletons(DefaultListableBeanFactory.java:975) ~[spring-beans-6.1.15.jar!/:6.1.15]
	at org.springframework.context.support.AbstractApplicationContext.finishBeanFactoryInitialization(AbstractApplicationContext.java:962) ~[spring-context-6.1.9.jar!/:6.1.9]
	at org.springframework.context.support.AbstractApplicationContext.refresh(AbstractApplicationContext.java:624) ~[spring-context-6.1.9.jar!/:6.1.9]
	at org.springframework.boot.web.servlet.context.ServletWebServerApplicationContext.refresh(ServletWebServerApplicationContext.java:146) ~[spring-boot-3.3.0.jar!/:3.3.0]
	at org.springframework.boot.SpringApplication.refresh(SpringApplication.java:754) ~[spring-boot-3.3.0.jar!/:3.3.0]
	at org.springframework.boot.SpringApplication.refreshContext(SpringApplication.java:456) ~[spring-boot-3.3.0.jar!/:3.3.0]
	at org.springframework.boot.SpringApplication.run(SpringApplication.java:335) ~[spring-boot-3.3.0.jar!/:3.3.0]
	at org.springframework.boot.builder.SpringApplicationBuilder.run(SpringApplicationBuilder.java:149) ~[spring-boot-3.3.0.jar!/:3.3.0]
	at lavalink.server.Launcher.launchMain(Launcher.kt:164) ~[classes!/:4.2.2]
	at lavalink.server.Launcher.main(Launcher.kt:126) ~[classes!/:4.2.2]
	at java.base/jdk.internal.reflect.DirectMethodHandleAccessor.invoke(DirectMethodHandleAccessor.java:104) ~[na:na]
	at java.base/java.lang.reflect.Method.invoke(Method.java:565) ~[na:na]
	at org.springframework.boot.loader.MainMethodRunner.run(MainMethodRunner.java:49) ~[Lavalink.jar:4.2.2]
	at org.springframework.boot.loader.Launcher.launch(Launcher.java:95) ~[Lavalink.jar:4.2.2]
	at org.springframework.boot.loader.Launcher.launch(Launcher.java:58) ~[Lavalink.jar:4.2.2]
	at org.springframework.boot.loader.JarLauncher.main(JarLauncher.java:65) ~[Lavalink.jar:4.2.2]
Caused by: org.springframework.beans.factory.UnsatisfiedDependencyException: Error creating bean with name 'audioSearchManagerSupplier' defined in class path resource [com/github/topi314/lavasearch/plugin/SearchConfiguration.class]: Unsatisfied dependency expressed through method 'audioSearchManagerSupplier' parameter 0: Error creating bean with name 'lavaSrcPlugin' defined in URL [jar:file:C:/Users/TaBle/Downloads/Fluxer music bot/server/plugins/lavasrc-plugin-4.0.0-beta.7.jar!/com/github/topi314/lavasrc/plugin/LavaSrcPlugin.class]: Failed to instantiate [com.github.topi314.lavasrc.plugin.LavaSrcPlugin]: Constructor threw exception
	at org.springframework.beans.factory.support.ConstructorResolver.createArgumentArray(ConstructorResolver.java:795) ~[spring-beans-6.1.15.jar!/:6.1.15]
	at org.springframework.beans.factory.support.ConstructorResolver.instantiateUsingFactoryMethod(ConstructorResolver.java:542) ~[spring-beans-6.1.15.jar!/:6.1.15]
	at org.springframework.beans.factory.support.AbstractAutowireCapableBeanFactory.instantiateUsingFactoryMethod(AbstractAutowireCapableBeanFactory.java:1355) ~[spring-beans-6.1.15.jar!/:6.1.15]
	at org.springframework.beans.factory.support.AbstractAutowireCapableBeanFactory.createBeanInstance(AbstractAutowireCapableBeanFactory.java:1185) ~[spring-beans-6.1.15.jar!/:6.1.15]
	at org.springframework.beans.factory.support.AbstractAutowireCapableBeanFactory.doCreateBean(AbstractAutowireCapableBeanFactory.java:562) ~[spring-beans-6.1.15.jar!/:6.1.15]
	at org.springframework.beans.factory.support.AbstractAutowireCapableBeanFactory.createBean(AbstractAutowireCapableBeanFactory.java:522) ~[spring-beans-6.1.15.jar!/:6.1.15]
	at org.springframework.beans.factory.support.AbstractBeanFactory.lambda$doGetBean$0(AbstractBeanFactory.java:337) ~[spring-beans-6.1.15.jar!/:6.1.15]
	at org.springframework.beans.factory.support.DefaultSingletonBeanRegistry.getSingleton(DefaultSingletonBeanRegistry.java:234) ~[spring-beans-6.1.15.jar!/:6.1.15]
	at org.springframework.beans.factory.support.AbstractBeanFactory.doGetBean(AbstractBeanFactory.java:335) ~[spring-beans-6.1.15.jar!/:6.1.15]
	at org.springframework.beans.factory.support.AbstractBeanFactory.getBean(AbstractBeanFactory.java:200) ~[spring-beans-6.1.15.jar!/:6.1.15]
	at org.springframework.beans.factory.config.DependencyDescriptor.resolveCandidate(DependencyDescriptor.java:254) ~[spring-beans-6.1.15.jar!/:6.1.15]
	at org.springframework.beans.factory.support.DefaultListableBeanFactory.doResolveDependency(DefaultListableBeanFactory.java:1443) ~[spring-beans-6.1.15.jar!/:6.1.15]
	at org.springframework.beans.factory.support.DefaultListableBeanFactory.resolveDependency(DefaultListableBeanFactory.java:1353) ~[spring-beans-6.1.15.jar!/:6.1.15]
	at org.springframework.beans.factory.support.ConstructorResolver.resolveAutowiredArgument(ConstructorResolver.java:904) ~[spring-beans-6.1.15.jar!/:6.1.15]
	at org.springframework.beans.factory.support.ConstructorResolver.createArgumentArray(ConstructorResolver.java:782) ~[spring-beans-6.1.15.jar!/:6.1.15]
	... 25 common frames omitted
Caused by: org.springframework.beans.factory.BeanCreationException: Error creating bean with name 'lavaSrcPlugin' defined in URL [jar:file:C:/Users/TaBle/Downloads/Fluxer music bot/server/plugins/lavasrc-plugin-4.0.0-beta.7.jar!/com/github/topi314/lavasrc/plugin/LavaSrcPlugin.class]: Failed to instantiate [com.github.topi314.lavasrc.plugin.LavaSrcPlugin]: Constructor threw exception
	at org.springframework.beans.factory.support.ConstructorResolver.instantiate(ConstructorResolver.java:318) ~[spring-beans-6.1.15.jar!/:6.1.15]
	at org.springframework.beans.factory.support.ConstructorResolver.autowireConstructor(ConstructorResolver.java:306) ~[spring-beans-6.1.15.jar!/:6.1.15]
	at org.springframework.beans.factory.support.AbstractAutowireCapableBeanFactory.autowireConstructor(AbstractAutowireCapableBeanFactory.java:1375) ~[spring-beans-6.1.15.jar!/:6.1.15]
	at org.springframework.beans.factory.support.AbstractAutowireCapableBeanFactory.createBeanInstance(AbstractAutowireCapableBeanFactory.java:1212) ~[spring-beans-6.1.15.jar!/:6.1.15]
	at org.springframework.beans.factory.support.AbstractAutowireCapableBeanFactory.doCreateBean(AbstractAutowireCapableBeanFactory.java:562) ~[spring-beans-6.1.15.jar!/:6.1.15]
	at org.springframework.beans.factory.support.AbstractAutowireCapableBeanFactory.createBean(AbstractAutowireCapableBeanFactory.java:522) ~[spring-beans-6.1.15.jar!/:6.1.15]
	at org.springframework.beans.factory.support.AbstractBeanFactory.lambda$doGetBean$0(AbstractBeanFactory.java:337) ~[spring-beans-6.1.15.jar!/:6.1.15]
	at org.springframework.beans.factory.support.DefaultSingletonBeanRegistry.getSingleton(DefaultSingletonBeanRegistry.java:234) ~[spring-beans-6.1.15.jar!/:6.1.15]
	at org.springframework.beans.factory.support.AbstractBeanFactory.doGetBean(AbstractBeanFactory.java:335) ~[spring-beans-6.1.15.jar!/:6.1.15]
	at org.springframework.beans.factory.support.AbstractBeanFactory.getBean(AbstractBeanFactory.java:200) ~[spring-beans-6.1.15.jar!/:6.1.15]
	at org.springframework.beans.factory.config.DependencyDescriptor.resolveCandidate(DependencyDescriptor.java:254) ~[spring-beans-6.1.15.jar!/:6.1.15]
	at org.springframework.beans.factory.support.DefaultListableBeanFactory.addCandidateEntry(DefaultListableBeanFactory.java:1689) ~[spring-beans-6.1.15.jar!/:6.1.15]
	at org.springframework.beans.factory.support.DefaultListableBeanFactory.findAutowireCandidates(DefaultListableBeanFactory.java:1653) ~[spring-beans-6.1.15.jar!/:6.1.15]
	at org.springframework.beans.factory.support.DefaultListableBeanFactory.resolveMultipleBeanCollection(DefaultListableBeanFactory.java:1543) ~[spring-beans-6.1.15.jar!/:6.1.15]
	at org.springframework.beans.factory.support.DefaultListableBeanFactory.resolveMultipleBeans(DefaultListableBeanFactory.java:1511) ~[spring-beans-6.1.15.jar!/:6.1.15]
	at org.springframework.beans.factory.support.DefaultListableBeanFactory.doResolveDependency(DefaultListableBeanFactory.java:1392) ~[spring-beans-6.1.15.jar!/:6.1.15]
	at org.springframework.beans.factory.support.DefaultListableBeanFactory.resolveDependency(DefaultListableBeanFactory.java:1353) ~[spring-beans-6.1.15.jar!/:6.1.15]
	at org.springframework.beans.factory.support.ConstructorResolver.resolveAutowiredArgument(ConstructorResolver.java:904) ~[spring-beans-6.1.15.jar!/:6.1.15]
	at org.springframework.beans.factory.support.ConstructorResolver.createArgumentArray(ConstructorResolver.java:782) ~[spring-beans-6.1.15.jar!/:6.1.15]
	... 39 common frames omitted
Caused by: org.springframework.beans.BeanInstantiationException: Failed to instantiate [com.github.topi314.lavasrc.plugin.LavaSrcPlugin]: Constructor threw exception
	at org.springframework.beans.BeanUtils.instantiateClass(BeanUtils.java:221) ~[spring-beans-6.1.15.jar!/:6.1.15]
	at org.springframework.beans.factory.support.SimpleInstantiationStrategy.instantiate(SimpleInstantiationStrategy.java:117) ~[spring-beans-6.1.15.jar!/:6.1.15]
	at org.springframework.beans.factory.support.ConstructorResolver.instantiate(ConstructorResolver.java:315) ~[spring-beans-6.1.15.jar!/:6.1.15]
	... 57 common frames omitted
Caused by: java.lang.RuntimeException: Apple Music API token is empty or null
	at com.github.topi314.lavasrc.applemusic.AppleMusicSourceManager.<init>(AppleMusicSourceManager.java:75) ~[na:na]
	at com.github.topi314.lavasrc.applemusic.AppleMusicSourceManager.<init>(AppleMusicSourceManager.java:65) ~[na:na]
	at com.github.topi314.lavasrc.plugin.LavaSrcPlugin.<init>(LavaSrcPlugin.java:46) ~[na:na]
	at java.base/jdk.internal.reflect.DirectConstructorHandleAccessor.newInstance(DirectConstructorHandleAccessor.java:62) ~[na:na]
	at java.base/java.lang.reflect.Constructor.newInstanceWithCaller(Constructor.java:499) ~[na:na]
	at java.base/java.lang.reflect.Constructor.newInstance(Constructor.java:483) ~[na:na]
	at org.springframework.beans.BeanUtils.instantiateClass(BeanUtils.java:208) ~[spring-beans-6.1.15.jar!/:6.1.15]
	... 59 common frames omitted

2026-03-13T16:54:25.317-05:00  INFO 5284 --- [Lavalink] [main] .s.b.a.l.ConditionEvaluationReportLogger : 

Error starting ApplicationContext. To display the condition evaluation report re-run your application with 'debug' enabled.
2026-03-13T16:54:25.340-05:00 ERROR 5284 --- [Lavalink] [main] o.s.boot.SpringApplication               : Application run failed

org.springframework.beans.factory.UnsatisfiedDependencyException: Error creating bean with name 'audioSearchRestHandler' defined in URL [jar:file:C:/Users/TaBle/Downloads/Fluxer music bot/server/plugins/lavasearch-plugin-1.0.0-beta.2.jar!/com/github/topi314/lavasearch/plugin/AudioSearchRestHandler.class]: Unsatisfied dependency expressed through constructor parameter 0: Error creating bean with name 'audioSearchManagerSupplier' defined in class path resource [com/github/topi314/lavasearch/plugin/SearchConfiguration.class]: Unsatisfied dependency expressed through method 'audioSearchManagerSupplier' parameter 0: Error creating bean with name 'lavaSrcPlugin' defined in URL [jar:file:C:/Users/TaBle/Downloads/Fluxer music bot/server/plugins/lavasrc-plugin-4.0.0-beta.7.jar!/com/github/topi314/lavasrc/plugin/LavaSrcPlugin.class]: Failed to instantiate [com.github.topi314.lavasrc.plugin.LavaSrcPlugin]: Constructor threw exception
	at org.springframework.beans.factory.support.ConstructorResolver.createArgumentArray(ConstructorResolver.java:795) ~[spring-beans-6.1.15.jar!/:6.1.15]
	at org.springframework.beans.factory.support.ConstructorResolver.autowireConstructor(ConstructorResolver.java:237) ~[spring-beans-6.1.15.jar!/:6.1.15]
	at org.springframework.beans.factory.support.AbstractAutowireCapableBeanFactory.autowireConstructor(AbstractAutowireCapableBeanFactory.java:1375) ~[spring-beans-6.1.15.jar!/:6.1.15]
	at org.springframework.beans.factory.support.AbstractAutowireCapableBeanFactory.createBeanInstance(AbstractAutowireCapableBeanFactory.java:1212) ~[spring-beans-6.1.15.jar!/:6.1.15]
	at org.springframework.beans.factory.support.AbstractAutowireCapableBeanFactory.doCreateBean(AbstractAutowireCapableBeanFactory.java:562) ~[spring-beans-6.1.15.jar!/:6.1.15]
	at org.springframework.beans.factory.support.AbstractAutowireCapableBeanFactory.createBean(AbstractAutowireCapableBeanFactory.java:522) ~[spring-beans-6.1.15.jar!/:6.1.15]
	at org.springframework.beans.factory.support.AbstractBeanFactory.lambda$doGetBean$0(AbstractBeanFactory.java:337) ~[spring-beans-6.1.15.jar!/:6.1.15]
	at org.springframework.beans.factory.support.DefaultSingletonBeanRegistry.getSingleton(DefaultSingletonBeanRegistry.java:234) ~[spring-beans-6.1.15.jar!/:6.1.15]
	at org.springframework.beans.factory.support.AbstractBeanFactory.doGetBean(AbstractBeanFactory.java:335) ~[spring-beans-6.1.15.jar!/:6.1.15]
	at org.springframework.beans.factory.support.AbstractBeanFactory.getBean(AbstractBeanFactory.java:200) ~[spring-beans-6.1.15.jar!/:6.1.15]
	at org.springframework.beans.factory.support.DefaultListableBeanFactory.preInstantiateSingletons(DefaultListableBeanFactory.java:975) ~[spring-beans-6.1.15.jar!/:6.1.15]
	at org.springframework.context.support.AbstractApplicationContext.finishBeanFactoryInitialization(AbstractApplicationContext.java:962) ~[spring-context-6.1.9.jar!/:6.1.9]
	at org.springframework.context.support.AbstractApplicationContext.refresh(AbstractApplicationContext.java:624) ~[spring-context-6.1.9.jar!/:6.1.9]
	at org.springframework.boot.web.servlet.context.ServletWebServerApplicationContext.refresh(ServletWebServerApplicationContext.java:146) ~[spring-boot-3.3.0.jar!/:3.3.0]
	at org.springframework.boot.SpringApplication.refresh(SpringApplication.java:754) ~[spring-boot-3.3.0.jar!/:3.3.0]
	at org.springframework.boot.SpringApplication.refreshContext(SpringApplication.java:456) ~[spring-boot-3.3.0.jar!/:3.3.0]
	at org.springframework.boot.SpringApplication.run(SpringApplication.java:335) ~[spring-boot-3.3.0.jar!/:3.3.0]
	at org.springframework.boot.builder.SpringApplicationBuilder.run(SpringApplicationBuilder.java:149) ~[spring-boot-3.3.0.jar!/:3.3.0]
	at lavalink.server.Launcher.launchMain(Launcher.kt:164) ~[classes!/:4.2.2]
	at lavalink.server.Launcher.main(Launcher.kt:126) ~[classes!/:4.2.2]
	at java.base/jdk.internal.reflect.DirectMethodHandleAccessor.invoke(DirectMethodHandleAccessor.java:104) ~[na:na]
	at java.base/java.lang.reflect.Method.invoke(Method.java:565) ~[na:na]
	at org.springframework.boot.loader.MainMethodRunner.run(MainMethodRunner.java:49) ~[Lavalink.jar:4.2.2]
	at org.springframework.boot.loader.Launcher.launch(Launcher.java:95) ~[Lavalink.jar:4.2.2]
	at org.springframework.boot.loader.Launcher.launch(Launcher.java:58) ~[Lavalink.jar:4.2.2]
	at org.springframework.boot.loader.JarLauncher.main(JarLauncher.java:65) ~[Lavalink.jar:4.2.2]
Caused by: org.springframework.beans.factory.UnsatisfiedDependencyException: Error creating bean with name 'audioSearchManagerSupplier' defined in class path resource [com/github/topi314/lavasearch/plugin/SearchConfiguration.class]: Unsatisfied dependency expressed through method 'audioSearchManagerSupplier' parameter 0: Error creating bean with name 'lavaSrcPlugin' defined in URL [jar:file:C:/Users/TaBle/Downloads/Fluxer music bot/server/plugins/lavasrc-plugin-4.0.0-beta.7.jar!/com/github/topi314/lavasrc/plugin/LavaSrcPlugin.class]: Failed to instantiate [com.github.topi314.lavasrc.plugin.LavaSrcPlugin]: Constructor threw exception
	at org.springframework.beans.factory.support.ConstructorResolver.createArgumentArray(ConstructorResolver.java:795) ~[spring-beans-6.1.15.jar!/:6.1.15]
	at org.springframework.beans.factory.support.ConstructorResolver.instantiateUsingFactoryMethod(ConstructorResolver.java:542) ~[spring-beans-6.1.15.jar!/:6.1.15]
	at org.springframework.beans.factory.support.AbstractAutowireCapableBeanFactory.instantiateUsingFactoryMethod(AbstractAutowireCapableBeanFactory.java:1355) ~[spring-beans-6.1.15.jar!/:6.1.15]
	at org.springframework.beans.factory.support.AbstractAutowireCapableBeanFactory.createBeanInstance(AbstractAutowireCapableBeanFactory.java:1185) ~[spring-beans-6.1.15.jar!/:6.1.15]
	at org.springframework.beans.factory.support.AbstractAutowireCapableBeanFactory.doCreateBean(AbstractAutowireCapableBeanFactory.java:562) ~[spring-beans-6.1.15.jar!/:6.1.15]
	at org.springframework.beans.factory.support.AbstractAutowireCapableBeanFactory.createBean(AbstractAutowireCapableBeanFactory.java:522) ~[spring-beans-6.1.15.jar!/:6.1.15]
	at org.springframework.beans.factory.support.AbstractBeanFactory.lambda$doGetBean$0(AbstractBeanFactory.java:337) ~[spring-beans-6.1.15.jar!/:6.1.15]
	at org.springframework.beans.factory.support.DefaultSingletonBeanRegistry.getSingleton(DefaultSingletonBeanRegistry.java:234) ~[spring-beans-6.1.15.jar!/:6.1.15]
	at org.springframework.beans.factory.support.AbstractBeanFactory.doGetBean(AbstractBeanFactory.java:335) ~[spring-beans-6.1.15.jar!/:6.1.15]
	at org.springframework.beans.factory.support.AbstractBeanFactory.getBean(AbstractBeanFactory.java:200) ~[spring-beans-6.1.15.jar!/:6.1.15]
	at org.springframework.beans.factory.config.DependencyDescriptor.resolveCandidate(DependencyDescriptor.java:254) ~[spring-beans-6.1.15.jar!/:6.1.15]
	at org.springframework.beans.factory.support.DefaultListableBeanFactory.doResolveDependency(DefaultListableBeanFactory.java:1443) ~[spring-beans-6.1.15.jar!/:6.1.15]
	at org.springframework.beans.factory.support.DefaultListableBeanFactory.resolveDependency(DefaultListableBeanFactory.java:1353) ~[spring-beans-6.1.15.jar!/:6.1.15]
	at org.springframework.beans.factory.support.ConstructorResolver.resolveAutowiredArgument(ConstructorResolver.java:904) ~[spring-beans-6.1.15.jar!/:6.1.15]
	at org.springframework.beans.factory.support.ConstructorResolver.createArgumentArray(ConstructorResolver.java:782) ~[spring-beans-6.1.15.jar!/:6.1.15]
	... 25 common frames omitted
Caused by: org.springframework.beans.factory.BeanCreationException: Error creating bean with name 'lavaSrcPlugin' defined in URL [jar:file:C:/Users/TaBle/Downloads/Fluxer music bot/server/plugins/lavasrc-plugin-4.0.0-beta.7.jar!/com/github/topi314/lavasrc/plugin/LavaSrcPlugin.class]: Failed to instantiate [com.github.topi314.lavasrc.plugin.LavaSrcPlugin]: Constructor threw exception
	at org.springframework.beans.factory.support.ConstructorResolver.instantiate(ConstructorResolver.java:318) ~[spring-beans-6.1.15.jar!/:6.1.15]
	at org.springframework.beans.factory.support.ConstructorResolver.autowireConstructor(ConstructorResolver.java:306) ~[spring-beans-6.1.15.jar!/:6.1.15]
	at org.springframework.beans.factory.support.AbstractAutowireCapableBeanFactory.autowireConstructor(AbstractAutowireCapableBeanFactory.java:1375) ~[spring-beans-6.1.15.jar!/:6.1.15]
	at org.springframework.beans.factory.support.AbstractAutowireCapableBeanFactory.createBeanInstance(AbstractAutowireCapableBeanFactory.java:1212) ~[spring-beans-6.1.15.jar!/:6.1.15]
	at org.springframework.beans.factory.support.AbstractAutowireCapableBeanFactory.doCreateBean(AbstractAutowireCapableBeanFactory.java:562) ~[spring-beans-6.1.15.jar!/:6.1.15]
	at org.springframework.beans.factory.support.AbstractAutowireCapableBeanFactory.createBean(AbstractAutowireCapableBeanFactory.java:522) ~[spring-beans-6.1.15.jar!/:6.1.15]
	at org.springframework.beans.factory.support.AbstractBeanFactory.lambda$doGetBean$0(AbstractBeanFactory.java:337) ~[spring-beans-6.1.15.jar!/:6.1.15]
	at org.springframework.beans.factory.support.DefaultSingletonBeanRegistry.getSingleton(DefaultSingletonBeanRegistry.java:234) ~[spring-beans-6.1.15.jar!/:6.1.15]
	at org.springframework.beans.factory.support.AbstractBeanFactory.doGetBean(AbstractBeanFactory.java:335) ~[spring-beans-6.1.15.jar!/:6.1.15]
	at org.springframework.beans.factory.support.AbstractBeanFactory.getBean(AbstractBeanFactory.java:200) ~[spring-beans-6.1.15.jar!/:6.1.15]
	at org.springframework.beans.factory.config.DependencyDescriptor.resolveCandidate(DependencyDescriptor.java:254) ~[spring-beans-6.1.15.jar!/:6.1.15]
	at org.springframework.beans.factory.support.DefaultListableBeanFactory.addCandidateEntry(DefaultListableBeanFactory.java:1689) ~[spring-beans-6.1.15.jar!/:6.1.15]
	at org.springframework.beans.factory.support.DefaultListableBeanFactory.findAutowireCandidates(DefaultListableBeanFactory.java:1653) ~[spring-beans-6.1.15.jar!/:6.1.15]
	at org.springframework.beans.factory.support.DefaultListableBeanFactory.resolveMultipleBeanCollection(DefaultListableBeanFactory.java:1543) ~[spring-beans-6.1.15.jar!/:6.1.15]
	at org.springframework.beans.factory.support.DefaultListableBeanFactory.resolveMultipleBeans(DefaultListableBeanFactory.java:1511) ~[spring-beans-6.1.15.jar!/:6.1.15]
	at org.springframework.beans.factory.support.DefaultListableBeanFactory.doResolveDependency(DefaultListableBeanFactory.java:1392) ~[spring-beans-6.1.15.jar!/:6.1.15]
	at org.springframework.beans.factory.support.DefaultListableBeanFactory.resolveDependency(DefaultListableBeanFactory.java:1353) ~[spring-beans-6.1.15.jar!/:6.1.15]
	at org.springframework.beans.factory.support.ConstructorResolver.resolveAutowiredArgument(ConstructorResolver.java:904) ~[spring-beans-6.1.15.jar!/:6.1.15]
	at org.springframework.beans.factory.support.ConstructorResolver.createArgumentArray(ConstructorResolver.java:782) ~[spring-beans-6.1.15.jar!/:6.1.15]
	... 39 common frames omitted
Caused by: org.springframework.beans.BeanInstantiationException: Failed to instantiate [com.github.topi314.lavasrc.plugin.LavaSrcPlugin]: Constructor threw exception
	at org.springframework.beans.BeanUtils.instantiateClass(BeanUtils.java:221) ~[spring-beans-6.1.15.jar!/:6.1.15]
	at org.springframework.beans.factory.support.SimpleInstantiationStrategy.instantiate(SimpleInstantiationStrategy.java:117) ~[spring-beans-6.1.15.jar!/:6.1.15]
	at org.springframework.beans.factory.support.ConstructorResolver.instantiate(ConstructorResolver.java:315) ~[spring-beans-6.1.15.jar!/:6.1.15]
	... 57 common frames omitted
Caused by: java.lang.RuntimeException: Apple Music API token is empty or null
	at com.github.topi314.lavasrc.applemusic.AppleMusicSourceManager.<init>(AppleMusicSourceManager.java:75) ~[na:na]
	at com.github.topi314.lavasrc.applemusic.AppleMusicSourceManager.<init>(AppleMusicSourceManager.java:65) ~[na:na]
	at com.github.topi314.lavasrc.plugin.LavaSrcPlugin.<init>(LavaSrcPlugin.java:46) ~[na:na]
	at java.base/jdk.internal.reflect.DirectConstructorHandleAccessor.newInstance(DirectConstructorHandleAccessor.java:62) ~[na:na]
	at java.base/java.lang.reflect.Constructor.newInstanceWithCaller(Constructor.java:499) ~[na:na]
	at java.base/java.lang.reflect.Constructor.newInstance(Constructor.java:483) ~[na:na]
	at org.springframework.beans.BeanUtils.instantiateClass(BeanUtils.java:208) ~[spring-beans-6.1.15.jar!/:6.1.15]
	... 59 common frames omitted

2026-03-13T16:55:57.466-05:00  INFO 2128 --- [Lavalink] [main] lavalink.server.Launcher                 : Starting Launcher v4.2.2 using Java 25.0.2 with PID 2128 (C:\Users\TaBle\Downloads\Fluxer music bot\server\Lavalink.jar started by TaBle in C:\Users\TaBle\Downloads\Fluxer music bot\server)
2026-03-13T16:55:57.472-05:00  INFO 2128 --- [Lavalink] [main] lavalink.server.Launcher                 : No active profile set, falling back to 1 default profile: "default"
2026-03-13T16:55:58.095-05:00  INFO 2128 --- [Lavalink] [main] o.s.cloud.context.scope.GenericScope     : BeanFactory id=3d6bf653-92ea-3fde-943a-10b9f8cd696e
2026-03-13T16:55:58.490-05:00  INFO 2128 --- [Lavalink] [main] l.server.bootstrap.PluginManager         : Found plugin 'lavasearch-plugin' version '1.0.0-beta.2'
2026-03-13T16:55:58.491-05:00  INFO 2128 --- [Lavalink] [main] l.server.bootstrap.PluginManager         : Found plugin 'lavasrc-plugin' version '4.0.0-beta.7'
2026-03-13T16:55:58.491-05:00  INFO 2128 --- [Lavalink] [main] l.server.bootstrap.PluginManager         : Found plugin 'youtube-plugin' version '1.5.0'
2026-03-13T16:55:58.494-05:00  INFO 2128 --- [Lavalink] [main] l.server.bootstrap.PluginManager         : Deleted .\plugins\lavasrc-plugin-4.0.0-beta.7.jar (new version: 4.8.1)
2026-03-13T16:55:58.494-05:00  INFO 2128 --- [Lavalink] [main] l.server.bootstrap.PluginManager         : Downloading https://maven.topi.wtf/releases/com/github/topi314/lavasrc/lavasrc-plugin/4.8.1/lavasrc-plugin-4.8.1.jar
2026-03-13T16:56:01.670-05:00  INFO 2128 --- [Lavalink] [main] l.server.bootstrap.PluginManager         : Deleted .\plugins\lavasearch-plugin-1.0.0-beta.2.jar (new version: 1.0.0)
2026-03-13T16:56:01.671-05:00  INFO 2128 --- [Lavalink] [main] l.server.bootstrap.PluginManager         : Downloading https://maven.topi.wtf/releases/com/github/topi314/lavasearch/lavasearch-plugin/1.0.0/lavasearch-plugin-1.0.0.jar
2026-03-13T16:56:02.506-05:00  INFO 2128 --- [Lavalink] [main] l.server.bootstrap.PluginManager         : Deleted .\plugins\youtube-plugin-1.5.0.jar (new version: 1.18.0)
2026-03-13T16:56:02.507-05:00  INFO 2128 --- [Lavalink] [main] l.server.bootstrap.PluginManager         : Downloading https://maven.lavalink.dev/releases/dev/lavalink/youtube/youtube-plugin/1.18.0/youtube-plugin-1.18.0.jar
2026-03-13T16:56:04.453-05:00  INFO 2128 --- [Lavalink] [main] l.server.bootstrap.PluginManager         : Loaded 'lavasearch-plugin-1.0.0.jar' (20 classes)
2026-03-13T16:56:04.611-05:00  INFO 2128 --- [Lavalink] [main] l.server.bootstrap.PluginManager         : Loaded 'lavasrc-plugin-4.8.1.jar' (202 classes)
2026-03-13T16:56:04.623-05:00  INFO 2128 --- [Lavalink] [main] l.server.bootstrap.PluginManager         : Loaded 'youtube-plugin-1.18.0.jar' (17 classes)
2026-03-13T16:56:04.911-05:00  INFO 2128 --- [Lavalink] [main] lavalink.server.Launcher                 : Started Launcher in 8.045 seconds (process running for 8.627)
2026-03-13T16:56:05.035-05:00  INFO 2128 --- [Lavalink] [main] lavalink.server.Launcher                 : 

[32m       .  [31m _                  _ _       _    [32m__ _ _
[32m      /\\ [31m| | __ ___   ____ _| (_)_ __ | | __[32m\ \ \ \
[32m     ( ( )[31m| |/ _` \ \ / / _` | | | '_ \| |/ /[32m \ \ \ \
[32m      \\/ [31m| | (_| |\ V / (_| | | | | | |   < [32m  ) ) ) )
[32m       '  [31m|_|\__,_| \_/ \__,_|_|_|_| |_|_|\_\[32m / / / /
[0m    =========================================[32m/_/_/_/[0m

	Version:        4.2.2
	Build time:     06.03.2026 23:24:16 UTC
	Branch          HEAD
	Commit:         e8503fd
	Commit time:    06.03.2026 23:21:15 UTC
	JVM:            25.0.2
	Lavaplayer      2.2.6

2026-03-13T16:56:05.051-05:00  INFO 2128 --- [Lavalink] [main] lavalink.server.Launcher                 : No active profile set, falling back to 1 default profile: "default"
2026-03-13T16:56:05.906-05:00  WARN 2128 --- [Lavalink] [main] io.undertow.websockets.jsr               : UT026010: Buffer pool was not set on WebSocketDeploymentInfo, the default pool will be used
2026-03-13T16:56:05.932-05:00  INFO 2128 --- [Lavalink] [main] io.undertow.servlet                      : Initializing Spring embedded WebApplicationContext
2026-03-13T16:56:05.932-05:00  INFO 2128 --- [Lavalink] [main] w.s.c.ServletWebServerApplicationContext : Root WebApplicationContext: initialization completed in 872 ms
2026-03-13T16:56:06.040-05:00  INFO 2128 --- [Lavalink] [main] c.g.t.lavasrc.plugin.LavaSrcPlugin       : Loading LavaSrc plugin...
2026-03-13T16:56:06.067-05:00  INFO 2128 --- [Lavalink] [main] c.g.t.lavasrc.plugin.LavaSrcPlugin       : Registering Youtube Source audio source manager...
2026-03-13T16:56:06.107-05:00  INFO 2128 --- [Lavalink] [main] c.g.t.lavasrc.plugin.LavaSrcPlugin       : Registering Youtube search manager...
2026-03-13T16:56:06.802-05:00  INFO 2128 --- [Lavalink] [main] c.s.d.l.tools.GarbageCollectionMonitor   : GC monitoring enabled, reporting results every 2 minutes.
2026-03-13T16:56:06.817-05:00  WARN 2128 --- [Lavalink] [main] d.l.youtube.plugin.YoutubePluginLoader   : Missing "youtube.clients" or ClientProvider not initialised! Default clients will be used.
2026-03-13T16:56:06.834-05:00  INFO 2128 --- [Lavalink] [main] d.l.youtube.plugin.YoutubePluginLoader   : YouTube source initialised with clients: WEB_REMIX, ANDROID_VR, WEB, WEB_EMBEDDED_PLAYER 
2026-03-13T16:56:06.856-05:00  WARN 2128 --- [Lavalink] [main] l.server.config.SentryConfiguration      : Turning off sentry
2026-03-13T16:56:07.146-05:00  INFO 2128 --- [Lavalink] [main] l.server.config.KoeConfiguration         : OS: WINDOWS, Arch: X86_64
2026-03-13T16:56:07.147-05:00  INFO 2128 --- [Lavalink] [main] l.server.config.KoeConfiguration         : Enabling JDA-NAS
2026-03-13T16:56:07.153-05:00  INFO 2128 --- [Lavalink] [main] c.s.l.c.natives.NativeLibraryLoader      : Native library udpqueue: loading with filter null
2026-03-13T16:56:07.185-05:00  INFO 2128 --- [Lavalink] [main] c.s.l.c.natives.NativeLibraryLoader      : Native library udpqueue: successfully loaded.
2026-03-13T16:56:07.498-05:00  INFO 2128 --- [Lavalink] [main] io.undertow                              : starting server: Undertow - 2.3.13.Final
2026-03-13T16:56:07.524-05:00  INFO 2128 --- [Lavalink] [main] org.xnio                                 : XNIO version 3.8.8.Final
2026-03-13T16:56:07.535-05:00  INFO 2128 --- [Lavalink] [main] org.xnio.nio                             : XNIO NIO Implementation Version 3.8.8.Final
2026-03-13T16:56:07.698-05:00  INFO 2128 --- [Lavalink] [main] org.jboss.threads                        : JBoss Threads version 3.5.0.Final
2026-03-13T16:56:07.783-05:00  INFO 2128 --- [Lavalink] [main] o.s.b.w.e.undertow.UndertowWebServer     : Undertow started on port 2333 (http) with context path '/'
2026-03-13T16:56:07.800-05:00  INFO 2128 --- [Lavalink] [main] lavalink.server.Launcher                 : Started Launcher in 2.88 seconds (process running for 11.516)
2026-03-13T16:56:07.801-05:00  INFO 2128 --- [Lavalink] [main] lavalink.server.Launcher                 : Lavalink is ready to accept connections.
2026-03-13T16:56:17.744-05:00  INFO 2128 --- [Lavalink] [XNIO-1 task-2] io.undertow.servlet                      : Initializing Spring DispatcherServlet 'dispatcherServlet'
2026-03-13T16:56:17.744-05:00  INFO 2128 --- [Lavalink] [XNIO-1 task-2] o.s.web.servlet.DispatcherServlet        : Initializing Servlet 'dispatcherServlet'
2026-03-13T16:56:17.749-05:00  INFO 2128 --- [Lavalink] [XNIO-1 task-2] o.s.web.servlet.DispatcherServlet        : Completed initialization in 3 ms
2026-03-13T16:56:17.778-05:00  INFO 2128 --- [Lavalink] [XNIO-1 task-2] l.server.io.HandshakeInterceptorImpl     : Incoming connection from /[0:0:0:0:0:0:0:1]:58694
2026-03-13T16:56:17.803-05:00  INFO 2128 --- [Lavalink] [XNIO-1 task-2] l.server.io.RequestLoggingFilter         : GET /v4/websocket, client=0:0:0:0:0:0:0:1
2026-03-13T16:56:17.849-05:00  INFO 2128 --- [Lavalink] [XNIO-1 task-2] c.s.l.c.natives.NativeLibraryLoader      : Native library dave-jvm: loading with filter null
2026-03-13T16:56:17.903-05:00  INFO 2128 --- [Lavalink] [XNIO-1 task-2] c.s.l.c.natives.NativeLibraryLoader      : Native library dave-jvm: successfully loaded.
2026-03-13T16:56:17.911-05:00  INFO 2128 --- [Lavalink] [XNIO-1 task-3] l.server.io.RequestLoggingFilter         : GET /v4/info?trace=true, client=0:0:0:0:0:0:0:1
2026-03-13T16:56:17.925-05:00  INFO 2128 --- [Lavalink] [XNIO-1 task-2] lavalink.server.io.SocketServer          : Connection successfully established from MelodyBot
2026-03-13T16:57:51.297-05:00  INFO 2128 --- [Lavalink] [XNIO-1 I/O-8] lavalink.server.io.SocketServer          : Connection closed from /[0:0:0:0:0:0:0:1]:58694 with id lirgusn47ab2tc9g -- CloseStatus[code=1006, reason=]
2026-03-13T16:57:51.299-05:00  INFO 2128 --- [Lavalink] [XNIO-1 I/O-8] lavalink.server.io.SocketContext         : Shutting down 0 playing players.
2026-03-13T16:57:58.412-05:00  INFO 33784 --- [Lavalink] [main] lavalink.server.Launcher                 : Starting Launcher v4.2.2 using Java 25.0.2 with PID 33784 (C:\Users\TaBle\Downloads\Fluxer music bot\server\Lavalink.jar started by TaBle in C:\Users\TaBle\Downloads\Fluxer music bot\server)
2026-03-13T16:57:58.417-05:00  INFO 33784 --- [Lavalink] [main] lavalink.server.Launcher                 : No active profile set, falling back to 1 default profile: "default"
2026-03-13T16:57:59.023-05:00  INFO 33784 --- [Lavalink] [main] o.s.cloud.context.scope.GenericScope     : BeanFactory id=3d6bf653-92ea-3fde-943a-10b9f8cd696e
2026-03-13T16:57:59.407-05:00  INFO 33784 --- [Lavalink] [main] l.server.bootstrap.PluginManager         : Found plugin 'lavasearch-plugin' version '1.0.0'
2026-03-13T16:57:59.408-05:00  INFO 33784 --- [Lavalink] [main] l.server.bootstrap.PluginManager         : Found plugin 'lavasrc-plugin' version '4.8.1'
2026-03-13T16:57:59.408-05:00  INFO 33784 --- [Lavalink] [main] l.server.bootstrap.PluginManager         : Found plugin 'youtube-plugin' version '1.18.0'
2026-03-13T16:58:01.654-05:00  INFO 33784 --- [Lavalink] [main] l.server.bootstrap.PluginManager         : Loaded 'lavasearch-plugin-1.0.0.jar' (20 classes)
2026-03-13T16:58:01.779-05:00  INFO 33784 --- [Lavalink] [main] l.server.bootstrap.PluginManager         : Loaded 'lavasrc-plugin-4.8.1.jar' (202 classes)
2026-03-13T16:58:01.790-05:00  INFO 33784 --- [Lavalink] [main] l.server.bootstrap.PluginManager         : Loaded 'youtube-plugin-1.18.0.jar' (17 classes)
2026-03-13T16:58:02.027-05:00  INFO 33784 --- [Lavalink] [main] lavalink.server.Launcher                 : Started Launcher in 4.196 seconds (process running for 4.748)
2026-03-13T16:58:02.127-05:00  INFO 33784 --- [Lavalink] [main] lavalink.server.Launcher                 : 

[32m       .  [31m _                  _ _       _    [32m__ _ _
[32m      /\\ [31m| | __ ___   ____ _| (_)_ __ | | __[32m\ \ \ \
[32m     ( ( )[31m| |/ _` \ \ / / _` | | | '_ \| |/ /[32m \ \ \ \
[32m      \\/ [31m| | (_| |\ V / (_| | | | | | |   < [32m  ) ) ) )
[32m       '  [31m|_|\__,_| \_/ \__,_|_|_|_| |_|_|\_\[32m / / / /
[0m    =========================================[32m/_/_/_/[0m

	Version:        4.2.2
	Build time:     06.03.2026 23:24:16 UTC
	Branch          HEAD
	Commit:         e8503fd
	Commit time:    06.03.2026 23:21:15 UTC
	JVM:            25.0.2
	Lavaplayer      2.2.6

2026-03-13T16:58:02.139-05:00  INFO 33784 --- [Lavalink] [main] lavalink.server.Launcher                 : No active profile set, falling back to 1 default profile: "default"
2026-03-13T16:58:02.830-05:00  WARN 33784 --- [Lavalink] [main] io.undertow.websockets.jsr               : UT026010: Buffer pool was not set on WebSocketDeploymentInfo, the default pool will be used
2026-03-13T16:58:02.852-05:00  INFO 33784 --- [Lavalink] [main] io.undertow.servlet                      : Initializing Spring embedded WebApplicationContext
2026-03-13T16:58:02.853-05:00  INFO 33784 --- [Lavalink] [main] w.s.c.ServletWebServerApplicationContext : Root WebApplicationContext: initialization completed in 707 ms
2026-03-13T16:58:02.941-05:00  INFO 33784 --- [Lavalink] [main] c.g.t.lavasrc.plugin.LavaSrcPlugin       : Loading LavaSrc plugin...
2026-03-13T16:58:02.962-05:00  INFO 33784 --- [Lavalink] [main] c.g.t.lavasrc.plugin.LavaSrcPlugin       : Registering Youtube Source audio source manager...
2026-03-13T16:58:02.987-05:00  INFO 33784 --- [Lavalink] [main] c.g.t.lavasrc.plugin.LavaSrcPlugin       : Registering Youtube search manager...
2026-03-13T16:58:03.680-05:00  INFO 33784 --- [Lavalink] [main] c.s.d.l.tools.GarbageCollectionMonitor   : GC monitoring enabled, reporting results every 2 minutes.
2026-03-13T16:58:03.693-05:00  WARN 33784 --- [Lavalink] [main] d.l.youtube.plugin.YoutubePluginLoader   : Missing "youtube.clients" or ClientProvider not initialised! Default clients will be used.
2026-03-13T16:58:03.717-05:00  INFO 33784 --- [Lavalink] [main] d.l.youtube.plugin.YoutubePluginLoader   : YouTube source initialised with clients: WEB_REMIX, ANDROID_VR, WEB, WEB_EMBEDDED_PLAYER 
2026-03-13T16:58:03.734-05:00  WARN 33784 --- [Lavalink] [main] l.server.config.SentryConfiguration      : Turning off sentry
2026-03-13T16:58:03.998-05:00  INFO 33784 --- [Lavalink] [main] l.server.config.KoeConfiguration         : OS: WINDOWS, Arch: X86_64
2026-03-13T16:58:03.999-05:00  INFO 33784 --- [Lavalink] [main] l.server.config.KoeConfiguration         : Enabling JDA-NAS
2026-03-13T16:58:04.004-05:00  INFO 33784 --- [Lavalink] [main] c.s.l.c.natives.NativeLibraryLoader      : Native library udpqueue: loading with filter null
2026-03-13T16:58:04.038-05:00  INFO 33784 --- [Lavalink] [main] c.s.l.c.natives.NativeLibraryLoader      : Native library udpqueue: successfully loaded.
2026-03-13T16:58:04.324-05:00  INFO 33784 --- [Lavalink] [main] io.undertow                              : starting server: Undertow - 2.3.13.Final
2026-03-13T16:58:04.339-05:00  INFO 33784 --- [Lavalink] [main] org.xnio                                 : XNIO version 3.8.8.Final
2026-03-13T16:58:04.350-05:00  INFO 33784 --- [Lavalink] [main] org.xnio.nio                             : XNIO NIO Implementation Version 3.8.8.Final
2026-03-13T16:58:04.457-05:00  INFO 33784 --- [Lavalink] [main] org.jboss.threads                        : JBoss Threads version 3.5.0.Final
2026-03-13T16:58:04.528-05:00  INFO 33784 --- [Lavalink] [main] o.s.b.w.e.undertow.UndertowWebServer     : Undertow started on port 2333 (http) with context path '/'
2026-03-13T16:58:04.542-05:00  INFO 33784 --- [Lavalink] [main] lavalink.server.Launcher                 : Started Launcher in 2.507 seconds (process running for 7.263)
2026-03-13T16:58:04.543-05:00  INFO 33784 --- [Lavalink] [main] lavalink.server.Launcher                 : Lavalink is ready to accept connections.
2026-03-13T16:58:24.927-05:00  INFO 33784 --- [Lavalink] [XNIO-1 task-2] io.undertow.servlet                      : Initializing Spring DispatcherServlet 'dispatcherServlet'
2026-03-13T16:58:24.927-05:00  INFO 33784 --- [Lavalink] [XNIO-1 task-2] o.s.web.servlet.DispatcherServlet        : Initializing Servlet 'dispatcherServlet'
2026-03-13T16:58:24.930-05:00  INFO 33784 --- [Lavalink] [XNIO-1 task-2] o.s.web.servlet.DispatcherServlet        : Completed initialization in 1 ms
2026-03-13T16:58:24.959-05:00  INFO 33784 --- [Lavalink] [XNIO-1 task-2] l.server.io.HandshakeInterceptorImpl     : Incoming connection from /[0:0:0:0:0:0:0:1]:63587
2026-03-13T16:58:24.976-05:00  INFO 33784 --- [Lavalink] [XNIO-1 task-2] l.server.io.RequestLoggingFilter         : GET /v4/websocket, client=0:0:0:0:0:0:0:1
2026-03-13T16:58:25.009-05:00  INFO 33784 --- [Lavalink] [XNIO-1 task-2] c.s.l.c.natives.NativeLibraryLoader      : Native library dave-jvm: loading with filter null
2026-03-13T16:58:25.054-05:00  INFO 33784 --- [Lavalink] [XNIO-1 task-3] l.server.io.RequestLoggingFilter         : GET /v4/info?trace=true, client=0:0:0:0:0:0:0:1
2026-03-13T16:58:25.062-05:00  INFO 33784 --- [Lavalink] [XNIO-1 task-2] c.s.l.c.natives.NativeLibraryLoader      : Native library dave-jvm: successfully loaded.
2026-03-13T16:58:25.076-05:00  INFO 33784 --- [Lavalink] [XNIO-1 task-2] lavalink.server.io.SocketServer          : Connection successfully established from MelodyBot
2026-03-13T17:19:01.871-05:00  INFO 33784 --- [Lavalink] [XNIO-1 I/O-12] lavalink.server.io.SocketServer          : Connection closed from /[0:0:0:0:0:0:0:1]:63587 with id 8b1y4jbiohk6gyxt -- CloseStatus[code=1006, reason=]
2026-03-13T17:19:01.872-05:00  INFO 33784 --- [Lavalink] [XNIO-1 I/O-12] lavalink.server.io.SocketContext         : Shutting down 0 playing players.
